ESP-ROM:esp32c3-api1-20210207
Build:Feb  7 2021
rst:0x15 (USB_UART_CHIP_RESET),boot:0xf (SPI_FAST_FLASH_BOOT)
Saved PC:0x40383f90
SPIWP:0xee
mode:DIO, clock div:1
load:0x3fcd5820,len:0x170c
load:0x403cc710,len:0x968
load:0x403ce710,len:0x2fa8
entry 0x403cc710
[0;32mI (24) boot: ESP-IDF v5.1.6-dirty 2nd stage bootloader[0m
[0;32mI (24) boot: compile time Oct 16 2025 01:02:32[0m
[0;32mI (25) boot: chip revision: v0.4[0m
[0;32mI (28) boot.esp32c3: SPI Speed      : 80MHz[0m
[0;32mI (33) boot.esp32c3: SPI Mode       : DIO[0m
[0;32mI (37) boot.esp32c3: SPI Flash Size : 2MB[0m
[0;32mI (42) boot: Enabling RNG early entropy source...[0m
[0;32mI (47) boot: Partition Table:[0m
[0;32mI (51) boot: ## Label            Usage          Type ST Offset   Length[0m
[0;32mI (58) boot:  0 nvs              WiFi data        01 02 00009000 00006000[0m
[0;32mI (66) boot:  1 phy_init         RF data          01 01 0000f000 00001000[0m
[0;32mI (73) boot:  2 factory          factory app      00 00 00010000 00100000[0m
[0;32mI (81) boot: End of partition table[0m
[0;32mI (85) esp_image: segment 0: paddr=00010020 vaddr=3c040020 size=116a8h ( 71336) map[0m
[0;32mI (105) esp_image: segment 1: paddr=000216d0 vaddr=3fc8e200 size=01420h (  5152) load[0m
[0;32mI (106) esp_image: segment 2: paddr=00022af8 vaddr=40380000 size=0d520h ( 54560) load[0m
[0;32mI (121) esp_image: segment 3: paddr=00030020 vaddr=42000020 size=3dd7ch (253308) map[0m
[0;32mI (163) esp_image: segment 4: paddr=0006dda4 vaddr=4038d520 size=00bc8h (  3016) load[0m
[0;32mI (168) boot: Loaded app from partition at offset 0x10000[0m
[0;32mI (168) boot: Disabling RNG early entropy source...[0m
[0;32mI (183) cpu_start: Unicore app[0m
[0;32mI (183) cpu_start: Pro cpu up.[0m
[0;32mI (192) cpu_start: Pro cpu start user code[0m
[0;32mI (192) cpu_start: cpu freq: 160000000 Hz[0m
[0;32mI (192) cpu_start: Application information:[0m
[0;32mI (195) cpu_start: Project name:     ESP_MultiFlasher[0m
[0;32mI (200) cpu_start: App version:      1[0m
[0;32mI (205) cpu_start: Compile time:     Oct 16 2025 00:52:28[0m
[0;32mI (211) cpu_start: ELF file SHA256:  7afb64c4d330aae6...[0m
[0;32mI (217) cpu_start: ESP-IDF:          v5.1.6-dirty[0m
[0;32mI (222) cpu_start: Min chip rev:     v0.3[0m
[0;32mI (227) cpu_start: Max chip rev:     v1.99 [0m
[0;32mI (232) cpu_start: Chip rev:         v0.4[0m
[0;32mI (237) heap_init: Initializing. RAM available for dynamic allocation:[0m
[0;32mI (244) heap_init: At 3FC90AB0 len 0002F550 (189 KiB): DRAM[0m
[0;32mI (250) heap_init: At 3FCC0000 len 0001C710 (113 KiB): DRAM/RETENTION[0m
[0;32mI (257) heap_init: At 3FCDC710 len 00002950 (10 KiB): DRAM/RETENTION/STACK[0m
[0;32mI (265) heap_init: At 50000010 len 00001FD8 (7 KiB): RTCRAM[0m
[0;32mI (272) spi_flash: detected chip: generic[0m
[0;32mI (276) spi_flash: flash io: dio[0m
[0;33mW (279) spi_flash: Detected size(4096k) larger than the size in the binary image header(2048k). Using the size in the binary image header.[0m
[0;32mI (293) sleep: Configure to isolate all GPIO pins in sleep state[0m
[0;32mI (299) sleep: Enable automatic switching of GPIO sleep configuration[0m
[0;32mI (307) app_start: Starting scheduler on CPU0[0m
[0;32mI (312) main_task: Started on CPU0[0m
[0;32mI (316) main_task: Calling app_main()[0m
[0;32mI (324) MAIN: --- BAT DAU KHOI DONG HE THONG ---[0m
[0;32mI (842) gpio: GPIO[4]| InputEn: 1| OutputEn: 1| OpenDrain: 0| Pullup: 0| Pulldown: 0| Intr:0 [0m
[0;32mI (843) gpio: GPIO[5]| InputEn: 1| OutputEn: 0| OpenDrain: 0| Pullup: 0| Pulldown: 0| Intr:0 [0m
[0;32mI (850) gpio: GPIO[6]| InputEn: 1| OutputEn: 1| OpenDrain: 0| Pullup: 0| Pulldown: 0| Intr:0 [0m
[0;32mI (859) gpio: GPIO[7]| InputEn: 1| OutputEn: 1| OpenDrain: 0| Pullup: 0| Pulldown: 0| Intr:0 [0m
[0;32mI (878) SD_CARD: SD initialized OK![0m
[0;32mI (1419) SD_CARD: Táº£i Metadata hoÃ n táº¥t. Tá»•ng cá»™ng 2 firmware Ä‘Æ°á»£c táº£i.[0m
[0;32mI (1419) MAIN: Dang lay menu tu sd_card module...[0m
[0;32mI (1422) gpio: GPIO[21]| InputEn: 1| OutputEn: 0| OpenDrain: 0| Pullup: 1| Pulldown: 0| Intr:0 [0m
[0;32mI (1431) gpio: GPIO[20]| InputEn: 1| OutputEn: 0| OpenDrain: 0| Pullup: 1| Pulldown: 0| Intr:0 [0m
[0;32mI (1441) gpio: GPIO[10]| InputEn: 1| OutputEn: 0| OpenDrain: 0| Pullup: 1| Pulldown: 0| Intr:0 [0m
[0;32mI (1464) MAIN: Khoi dong hoan tat. Hien thi menu.[0m
[0;32mI (4545) MAIN: Da chon: Index 0, FW ID: phuc[0m
[0;32mI (4545) MAIN: Bat dau flash firmware: phuc[0m
[0;32mI (4558) SD_CARD: SD initialized OK![0m
[0;32mI (4572) gpio: GPIO[2]| InputEn: 0| OutputEn: 0| OpenDrain: 0| Pullup: 1| Pulldown: 0| Intr:0 [0m
[0;32mI (4572) gpio: GPIO[3]| InputEn: 0| OutputEn: 0| OpenDrain: 0| Pullup: 1| Pulldown: 0| Intr:0 [0m
[0;32mI (4580) FLASHER: UART connection initialized at baud rate 115200[0m
[0;32mI (4586) MAIN: Flasher da san sang.[0m
[0;32mI (5104) SD_METADATA: Firmware ID phuc found: Path=/phuc/FW.bin, Version=1.0.2[0m
[0;32mI (7386) FLASHER: Connected to target device.[0m
[0;32mI (7391) FLASHER: Baudrate boosted to 460800[0m
[0;32mI (7391) FLASHER: ==== Writing segment ====[0m
[0;32mI (7391) FLASHER: File: /phuc/BOTL.bin | Offset: 0x00000000[0m
[0;32mI (7417) FLASHER: Segment size: 19152 bytes[0m
[0;32mI (7769) FLASHER: Progress: 21%[0m
[0;32mI (7909) FLASHER: Progress: 42%[0m
[0;32mI (8048) FLASHER: Progress: 64%[0m
[0;32mI (8188) FLASHER: Progress: 85%[0m
[0;32mI (8323) FLASHER: Progress: 100%[0m
[0;32mI (8324) FLASHER: Segment written 19152 / 19152 bytes OK[0m
[0;32mI (8391) FLASHER: MD5 verified OK for segment![0m
[0;32mI (8391) FLASHER: Segment at 0x00000000 written successfully.[0m
[0;32mI (8392) FLASHER: ==== Writing segment ====[0m
[0;32mI (8397) FLASHER: File: /phuc/PART.bin | Offset: 0x00008000[0m
[0;32mI (8424) FLASHER: Segment size: 3072 bytes[0m
[0;32mI (8589) FLASHER: Progress: 100%[0m
[0;32mI (8590) FLASHER: Segment written 3072 / 3072 bytes OK[0m
[0;32mI (8605) FLASHER: MD5 verified OK for segment![0m
[0;32mI (8605) FLASHER: Segment at 0x00008000 written successfully.[0m
[0;32mI (8606) FLASHER: ==== Writing segment ====[0m
[0;32mI (8610) FLASHER: File: /phuc/FW.bin | Offset: 0x00010000[0m
[0;32mI (8637) FLASHER: Segment size: 170512 bytes[0m
[0;32mI (10129) FLASHER: Progress: 2%[0m
[0;32mI (10268) FLASHER: Progress: 4%[0m
[0;32mI (10405) FLASHER: Progress: 7%[0m
[0;32mI (10543) FLASHER: Progress: 9%[0m
[0;32mI (10681) FLASHER: Progress: 12%[0m
[0;32mI (10819) FLASHER: Progress: 14%[0m
[0;32mI (10957) FLASHER: Progress: 16%[0m
[0;32mI (11095) FLASHER: Progress: 19%[0m
[0;32mI (11233) FLASHER: Progress: 21%[0m
[0;32mI (11372) FLASHER: Progress: 24%[0m
[0;32mI (11510) FLASHER: Progress: 26%[0m
[0;32mI (11651) FLASHER: Progress: 28%[0m
[0;32mI (11791) FLASHER: Progress: 31%[0m
[0;32mI (11931) FLASHER: Progress: 33%[0m
[0;32mI (12071) FLASHER: Progress: 36%[0m
[0;32mI (12211) FLASHER: Progress: 38%[0m
[0;32mI (12350) FLASHER: Progress: 40%[0m
[0;32mI (12489) FLASHER: Progress: 43%[0m
[0;32mI (12628) FLASHER: Progress: 45%[0m
[0;32mI (12767) FLASHER: Progress: 48%[0m
[0;32mI (12906) FLASHER: Progress: 50%[0m
[0;32mI (13046) FLASHER: Progress: 52%[0m
[0;32mI (13185) FLASHER: Progress: 55%[0m
[0;32mI (13324) FLASHER: Progress: 57%[0m
[0;32mI (13465) FLASHER: Progress: 60%[0m
[0;32mI (13605) FLASHER: Progress: 62%[0m
[0;32mI (13745) FLASHER: Progress: 64%[0m
[0;32mI (13885) FLASHER: Progress: 67%[0m
[0;32mI (14026) FLASHER: Progress: 69%[0m
[0;32mI (14166) FLASHER: Progress: 72%[0m
[0;32mI (14307) FLASHER: Progress: 74%[0m
[0;32mI (14448) FLASHER: Progress: 76%[0m
[0;32mI (14587) FLASHER: Progress: 79%[0m
[0;32mI (14727) FLASHER: Progress: 81%[0m
[0;32mI (14868) FLASHER: Progress: 84%[0m
[0;32mI (15009) FLASHER: Progress: 86%[0m
[0;32mI (15148) FLASHER: Progress: 88%[0m
[0;32mI (15288) FLASHER: Progress: 91%[0m
[0;32mI (15428) FLASHER: Progress: 93%[0m
[0;32mI (15566) FLASHER: Progress: 96%[0m
[0;32mI (15706) FLASHER: Progress: 98%[0m
[0;32mI (15840) FLASHER: Progress: 100%[0m
[0;32mI (15840) FLASHER: Segment written 170512 / 170512 bytes OK[0m
[0;32mI (16407) FLASHER: MD5 verified OK for segment![0m
[0;32mI (16407) FLASHER: Segment at 0x00010000 written successfully.[0m
[0;32mI (16507) FLASHER: Resetting target to run app...[0m
[0;32mI (16807) FLASHER: Target restarted in normal mode.[0m
[0;32mI (16807) FLASHER: Full firmware update completed successfully![0m
[0;32mI (16808) SD_CARD: SD Unmounted[0m
[0;32mI (16812) MAIN: Flash hoan tat.[0m
