ESP-ROM:esp32c3-api1-20210207
Build:Feb  7 2021
rst:0x15 (USB_UART_CHIP_RESET),boot:0xf (SPI_FAST_FLASH_BOOT)
Saved PC:0x40383aec
SPIWP:0xee
mode:DIO, clock div:1
load:0x3fcd5820,len:0x170c
load:0x403cc710,len:0x968
load:0x403ce710,len:0x2fa8
entry 0x403cc710
[0;32mI (24) boot: ESP-IDF v5.1.6-dirty 2nd stage bootloader[0m
[0;32mI (24) boot: compile time Oct 16 2025 01:02:32[0m
[0;32mI (25) boot: chip revision: v0.4[0m
[0;32mI (28) boot.esp32c3: SPI Speed      : 80MHz[0m
[0;32mI (33) boot.esp32c3: SPI Mode       : DIO[0m
[0;32mI (37) boot.esp32c3: SPI Flash Size : 2MB[0m
[0;32mI (42) boot: Enabling RNG early entropy source...[0m
[0;32mI (47) boot: Partition Table:[0m
[0;32mI (51) boot: ## Label            Usage          Type ST Offset   Length[0m
[0;32mI (58) boot:  0 nvs              WiFi data        01 02 00009000 00006000[0m
[0;32mI (66) boot:  1 phy_init         RF data          01 01 0000f000 00001000[0m
[0;32mI (73) boot:  2 factory          factory app      00 00 00010000 00100000[0m
[0;32mI (81) boot: End of partition table[0m
[0;32mI (85) esp_image: segment 0: paddr=00010020 vaddr=3c040020 size=0f1f8h ( 61944) map[0m
[0;32mI (103) esp_image: segment 1: paddr=0001f220 vaddr=3fc8dc00 size=00df8h (  3576) load[0m
[0;32mI (105) esp_image: segment 2: paddr=00020020 vaddr=42000020 size=35fd0h (221136) map[0m
[0;32mI (146) esp_image: segment 3: paddr=00055ff8 vaddr=3fc8e9f8 size=00600h (  1536) load[0m
[0;32mI (147) esp_image: segment 4: paddr=00056600 vaddr=40380000 size=0da08h ( 55816) load[0m
[0;32mI (166) boot: Loaded app from partition at offset 0x10000[0m
[0;32mI (167) boot: Disabling RNG early entropy source...[0m
[0;32mI (178) cpu_start: Unicore app[0m
[0;32mI (178) cpu_start: Pro cpu up.[0m
[0;32mI (188) cpu_start: Pro cpu start user code[0m
[0;32mI (188) cpu_start: cpu freq: 160000000 Hz[0m
[0;32mI (188) cpu_start: Application information:[0m
[0;32mI (191) cpu_start: Project name:     ESP_MultiFlasher[0m
[0;32mI (197) cpu_start: App version:      1[0m
[0;32mI (201) cpu_start: Compile time:     Oct 16 2025 00:52:28[0m
[0;32mI (208) cpu_start: ELF file SHA256:  f1c1a9de3be0363a...[0m
[0;32mI (214) cpu_start: ESP-IDF:          v5.1.6-dirty[0m
[0;32mI (219) cpu_start: Min chip rev:     v0.3[0m
[0;32mI (224) cpu_start: Max chip rev:     v1.99 [0m
[0;32mI (228) cpu_start: Chip rev:         v0.4[0m
[0;32mI (233) heap_init: Initializing. RAM available for dynamic allocation:[0m
[0;32mI (240) heap_init: At 3FC90460 len 0002FBA0 (190 KiB): DRAM[0m
[0;32mI (247) heap_init: At 3FCC0000 len 0001C710 (113 KiB): DRAM/RETENTION[0m
[0;32mI (254) heap_init: At 3FCDC710 len 00002950 (10 KiB): DRAM/RETENTION/STACK[0m
[0;32mI (261) heap_init: At 50000010 len 00001FD8 (7 KiB): RTCRAM[0m
[0;32mI (268) spi_flash: detected chip: generic[0m
[0;32mI (272) spi_flash: flash io: dio[0m
[0;33mW (276) spi_flash: Detected size(4096k) larger than the size in the binary image header(2048k). Using the size in the binary image header.[0m
[0;32mI (290) sleep: Configure to isolate all GPIO pins in sleep state[0m
[0;32mI (296) sleep: Enable automatic switching of GPIO sleep configuration[0m
[0;32mI (303) app_start: Starting scheduler on CPU0[0m
[0;32mI (308) main_task: Started on CPU0[0m
[0;32mI (312) main_task: Calling app_main()[0m
[0;32mI (1320) gpio: GPIO[4]| InputEn: 1| OutputEn: 1| OpenDrain: 0| Pullup: 0| Pulldown: 0| Intr:0 [0m
[0;32mI (1321) gpio: GPIO[5]| InputEn: 1| OutputEn: 0| OpenDrain: 0| Pullup: 0| Pulldown: 0| Intr:0 [0m
[0;32mI (1328) gpio: GPIO[6]| InputEn: 1| OutputEn: 1| OpenDrain: 0| Pullup: 0| Pulldown: 0| Intr:0 [0m
[0;32mI (1337) gpio: GPIO[7]| InputEn: 1| OutputEn: 1| OpenDrain: 0| Pullup: 0| Pulldown: 0| Intr:0 [0m
[0;32mI (1956) SD_CARD: SD initialized OK![0m
[0;33mW (1976) SD_METADATA: Firmware entry without fw_id, skipping[0m
[0;32mI (1976) SD_CARD: Táº£i Metadata hoÃ n táº¥t. Tá»•ng cá»™ng 3 firmware Ä‘Æ°á»£c táº£i.[0m
[0;32mI (1981) gpio: GPIO[2]| InputEn: 0| OutputEn: 0| OpenDrain: 0| Pullup: 1| Pulldown: 0| Intr:0 [0m
[0;32mI (1989) gpio: GPIO[3]| InputEn: 0| OutputEn: 0| OpenDrain: 0| Pullup: 1| Pulldown: 0| Intr:0 [0m
[0;32mI (1999) FLASHER: UART connection initialized at baud rate 115200[0m
[0;32mI (2005) SD_METADATA: Firmware ID esp32_cam_v1 found: Path=/HELLO.bin, Version=1.0.2[0m
[0;32mI (4296) FLASHER: Connected to target device.[0m
[0;32mI (4300) FLASHER: Baudrate boosted to 460800[0m
[0;32mI (4301) FLASHER: ==== Writing segment ====[0m
[0;32mI (4301) FLASHER: File: /BOTL.bin | Offset: 0x00000000[0m
[0;32mI (4319) FLASHER: Segment size: 19152 bytes[0m
[0;32mI (4684) FLASHER: Progress: 21%[0m
[0;32mI (4825) FLASHER: Progress: 42%[0m
[0;32mI (4964) FLASHER: Progress: 64%[0m
[0;32mI (5103) FLASHER: Progress: 85%[0m
[0;32mI (5238) FLASHER: Progress: 100%[0m
[0;32mI (5239) FLASHER: Segment written 19152 / 19152 bytes OK[0m
[0;32mI (5306) FLASHER: MD5 verified OK for segment![0m
[0;32mI (5307) FLASHER: Segment at 0x00000000 written successfully.[0m
[0;32mI (5307) FLASHER: ==== Writing segment ====[0m
[0;32mI (5312) FLASHER: File: /PART.bin | Offset: 0x00008000[0m
[0;32mI (5331) FLASHER: Segment size: 3072 bytes[0m
[0;32mI (5500) FLASHER: Progress: 100%[0m
[0;32mI (5500) FLASHER: Segment written 3072 / 3072 bytes OK[0m
[0;32mI (5515) FLASHER: MD5 verified OK for segment![0m
[0;32mI (5515) FLASHER: Segment at 0x00008000 written successfully.[0m
[0;32mI (5516) FLASHER: ==== Writing segment ====[0m
[0;32mI (5521) FLASHER: File: /HELLO.bin | Offset: 0x00010000[0m
[0;32mI (5540) FLASHER: Segment size: 170512 bytes[0m
[0;32mI (7022) FLASHER: Progress: 2%[0m
[0;32mI (7161) FLASHER: Progress: 4%[0m
[0;32mI (7298) FLASHER: Progress: 7%[0m
[0;32mI (7436) FLASHER: Progress: 9%[0m
[0;32mI (7574) FLASHER: Progress: 12%[0m
[0;32mI (7712) FLASHER: Progress: 14%[0m
[0;32mI (7850) FLASHER: Progress: 16%[0m
[0;32mI (7988) FLASHER: Progress: 19%[0m
[0;32mI (8125) FLASHER: Progress: 21%[0m
[0;32mI (8264) FLASHER: Progress: 24%[0m
[0;32mI (8403) FLASHER: Progress: 26%[0m
[0;32mI (8543) FLASHER: Progress: 28%[0m
[0;32mI (8684) FLASHER: Progress: 31%[0m
[0;32mI (8824) FLASHER: Progress: 33%[0m
[0;32mI (8964) FLASHER: Progress: 36%[0m
[0;32mI (9104) FLASHER: Progress: 38%[0m
[0;32mI (9243) FLASHER: Progress: 40%[0m
[0;32mI (9383) FLASHER: Progress: 43%[0m
[0;32mI (9523) FLASHER: Progress: 45%[0m
[0;32mI (9661) FLASHER: Progress: 48%[0m
[0;32mI (9801) FLASHER: Progress: 50%[0m
[0;32mI (9940) FLASHER: Progress: 52%[0m
[0;32mI (10079) FLASHER: Progress: 55%[0m
[0;32mI (10218) FLASHER: Progress: 57%[0m
[0;32mI (10359) FLASHER: Progress: 60%[0m
[0;32mI (10499) FLASHER: Progress: 62%[0m
[0;32mI (10639) FLASHER: Progress: 64%[0m
[0;32mI (10779) FLASHER: Progress: 67%[0m
[0;32mI (10920) FLASHER: Progress: 69%[0m
[0;32mI (11060) FLASHER: Progress: 72%[0m
[0;32mI (11200) FLASHER: Progress: 74%[0m
[0;32mI (11342) FLASHER: Progress: 76%[0m
[0;32mI (11483) FLASHER: Progress: 79%[0m
[0;32mI (11623) FLASHER: Progress: 81%[0m
[0;32mI (11763) FLASHER: Progress: 84%[0m
[0;32mI (11904) FLASHER: Progress: 86%[0m
[0;32mI (12043) FLASHER: Progress: 88%[0m
[0;32mI (12183) FLASHER: Progress: 91%[0m
[0;32mI (12323) FLASHER: Progress: 93%[0m
[0;32mI (12461) FLASHER: Progress: 96%[0m
[0;32mI (12601) FLASHER: Progress: 98%[0m
[0;32mI (12735) FLASHER: Progress: 100%[0m
[0;32mI (12735) FLASHER: Segment written 170512 / 170512 bytes OK[0m
[0;32mI (13302) FLASHER: MD5 verified OK for segment![0m
[0;32mI (13302) FLASHER: Segment at 0x00010000 written successfully.[0m
[0;32mI (13403) FLASHER: Resetting target to run app...[0m
[0;32mI (13703) FLASHER: Target restarted in normal mode.[0m
[0;32mI (13703) FLASHER: Full firmware update completed successfully![0m
[0;32mI (13704) SD_CARD: SD Unmounted[0m
[0;32mI (13707) main_task: Returned from app_main()[0m
