[0;32mI (105) esp_image: segment 1: paddr=00021680 vaddr=3fc8e2ESP-ROM:esp32c3-api1-20210207
Build:Feb  7 2021
rst:0x15 (USB_UART_CHIP_RESET),boot:0xf (SPI_FAST_FLASH_BOOT)
Saved PC:0x40383f90
SPIWP:0xee
mode:DIO, clock div:1
load:0x3fcd5820,len:0x170c
load:0x403cc710,len:0x968
load:0x403ce710,len:0x2fa8
entry 0x403cc710
[0;32mI (24) boot: ESP-IDF v5.1.6-dirty 2nd stage bootloader[0m
[0;32mI (24) boot: compile time Oct 16 2025 01:02:32[0m
[0;32mI (25) boot: chip revision: v0.4[0m
[0;32mI (28) boot.esp32c3: SPI Speed      : 80MHz[0m
[0;32mI (33) boot.esp32c3: SPI Mode       : DIO[0m
[0;32mI (37) boot.esp32c3: SPI Flash Size : 2MB[0m
[0;32mI (42) boot: Enabling RNG early entropy source...[0m
[0;32mI (47) boot: Partition Table:[0m
[0;32mI (51) boot: ## Label            Usage          Type ST Offset   Length[0m
[0;32mI (58) boot:  0 nvs              WiFi data        01 02 00009000 00006000[0m
[0;32mI (66) boot:  1 phy_init         RF data          01 01 0000f000 00001000[0m
[0;32mI (73) boot:  2 factory          factory app      00 00 00010000 00100000[0m
[0;32mI (81) boot: End of partition table[0m
[0;32mI (85) esp_image: segment 0: paddr=00010020 vaddr=3c040020 size=11658h ( 71256) map[0m
[0;32mI (105) esp_image: segment 1: paddr=00021680 vaddr=3fc8e200 size=01420h (  5152) load[0m
[0;32mI (106) esp_image: segment 2: paddr=00022aa8 vaddr=40380000 size=0d570h ( 54640) load[0m
[0;32mI (121) esp_image: segment 3: paddr=00030020 vaddr=42000020 size=3dccch (253132) map[0m
[0;32mI (163) esp_image: segment 4: paddr=0006dcf4 vaddr=4038d570 size=00b78h (  2936) load[0m
[0;32mI (168) boot: Loaded app from partition at offset 0x10000[0m
[0;32mI (168) boot: Disabling RNG early entropy source...[0m
[0;32mI (183) cpu_start: Unicore app[0m
[0;32mI (183) cpu_start: Pro cpu up.[0m
[0;32mI (193) cpu_start: Pro cpu start user code[0m
[0;32mI (193) cpu_start: cpu freq: 160000000 Hz[0m
[0;32mI (193) cpu_start: Application information:[0m
[0;32mI (196) cpu_start: Project name:     ESP_MultiFlasher[0m
[0;32mI (202) cpu_start: App version:      1[0m
[0;32mI (206) cpu_start: Compile time:     Oct 16 2025 00:52:28[0m
[0;32mI (212) cpu_start: ELF file SHA256:  432be103641814ad...[0m
[0;32mI (218) cpu_start: ESP-IDF:          v5.1.6-dirty[0m
[0;32mI (224) cpu_start: Min chip rev:     v0.3[0m
[0;32mI (228) cpu_start: Max chip rev:     v1.99 [0m
[0;32mI (233) cpu_start: Chip rev:         v0.4[0m
[0;32mI (238) heap_init: Initializing. RAM available for dynamic allocation:[0m
[0;32mI (245) heap_init: At 3FC90AB0 len 0002F550 (189 KiB): DRAM[0m
[0;32mI (251) heap_init: At 3FCC0000 len 0001C710 (113 KiB): DRAM/RETENTION[0m
[0;32mI (258) heap_init: At 3FCDC710 len 00002950 (10 KiB): DRAM/RETENTION/STACK[0m
[0;32mI (266) heap_init: At 50000010 len 00001FD8 (7 KiB): RTCRAM[0m
[0;32mI (273) spi_flash: detected chip: generic[0m
[0;32mI (277) spi_flash: flash io: dio[0m
[0;33mW (281) spi_flash: Detected size(4096k) larger than the size in the binary image header(2048k). Using the size in the binary image header.[0m
[0;32mI (295) sleep: Configure to isolate all GPIO pins in sleep state[0m
[0;32mI (301) sleep: Enable automatic switching of GPIO sleep configuration[0m
[0;32mI (308) app_start: Starting scheduler on CPU0[0m
[0;32mI (313) main_task: Started on CPU0[0m
[0;32mI (317) main_task: Calling app_main()[0m
[0;32mI (325) MAIN: --- BAT DAU KHOI DONG HE THONG ---[0m
[0;32mI (843) gpio: GPIO[4]| InputEn: 1| OutputEn: 1| OpenDrain: 0| Pullup: 0| Pulldown: 0| Intr:0 [0m
[0;32mI (844) gpio: GPIO[5]| InputEn: 1| OutputEn: 0| OpenDrain: 0| Pullup: 0| Pulldown: 0| Intr:0 [0m
[0;32mI (851) gpio: GPIO[6]| InputEn: 1| OutputEn: 1| OpenDrain: 0| Pullup: 0| Pulldown: 0| Intr:0 [0m
[0;32mI (860) gpio: GPIO[7]| InputEn: 1| OutputEn: 1| OpenDrain: 0| Pullup: 0| Pulldown: 0| Intr:0 [0m
[0;32mI (878) SD_CARD: SD initialized OK![0m
[0;33mW (1410) SD_METADATA: Firmware entry without fw_id, skipping[0m
[0;32mI (1411) SD_CARD: Táº£i Metadata hoÃ n táº¥t. Tá»•ng cá»™ng 3 firmware Ä‘Æ°á»£c táº£i.[0m
[0;32mI (1415) gpio: GPIO[2]| InputEn: 0| OutputEn: 0| OpenDrain: 0| Pullup: 1| Pulldown: 0| Intr:0 [0m
[0;32mI (1424) gpio: GPIO[3]| InputEn: 0| OutputEn: 0| OpenDrain: 0| Pullup: 1| Pulldown: 0| Intr:0 [0m
[0;32mI (1433) FLASHER: UART connection initialized at baud rate 115200[0m
[0;32mI (1440) MAIN: Dang lay menu tu sd_card module...[0m
[0;32mI (1445) gpio: GPIO[21]| InputEn: 1| OutputEn: 0| OpenDrain: 0| Pullup: 1| Pulldown: 0| Intr:0 [0m
[0;32mI (1454) gpio: GPIO[20]| InputEn: 1| OutputEn: 0| OpenDrain: 0| Pullup: 1| Pulldown: 0| Intr:0 [0m
[0;32mI (1464) gpio: GPIO[10]| InputEn: 1| OutputEn: 0| OpenDrain: 0| Pullup: 1| Pulldown: 0| Intr:0 [0m
[0;32mI (1487) MAIN: Khoi dong hoan tat. Hien thi menu.[0m
[0;32mI (10858) MAIN: Da chon: Index 0, FW ID: esp32_cam_v1[0m
[0;32mI (10858) MAIN: Bat dau flash firmware: esp32_cam_v1[0m
[0;31mE (10872) uart: UART driver already installed[0m
[0;31mE (10872) FLASHER: serial initialization failed.[0m
[0;32mI (10872) MAIN: Flasher da san sang.[0m
[0;32mI (11388) SD_METADATA: Firmware ID esp32_cam_v1 found: Path=/HELLO.bin, Version=1.0.2[0m
[0;32mI (13670) FLASHER: Connected to target device.[0m
[0;32mI (13675) FLASHER: Baudrate boosted to 460800[0m
[0;32mI (13675) FLASHER: ==== Writing segment ====[0m
[0;32mI (13675) FLASHER: File: /BOTL.bin | Offset: 0x00000000[0m
[0;32mI (13694) FLASHER: Segment size: 19152 bytes[0m
[0;32mI (14057) FLASHER: Progress: 21%[0m
[0;32mI (14198) FLASHER: Progress: 42%[0m
[0;32mI (14337) FLASHER: Progress: 64%[0m
[0;32mI (14477) FLASHER: Progress: 85%[0m
[0;32mI (14612) FLASHER: Progress: 100%[0m
[0;32mI (14613) FLASHER: Segment written 19152 / 19152 bytes OK[0m
[0;32mI (14680) FLASHER: MD5 verified OK for segment![0m
[0;32mI (14680) FLASHER: Segment at 0x00000000 written successfully.[0m
[0;32mI (14681) FLASHER: ==== Writing segment ====[0m
[0;32mI (14686) FLASHER: File: /PART.bin | Offset: 0x00008000[0m
[0;32mI (14705) FLASHER: Segment size: 3072 bytes[0m
[0;32mI (14876) FLASHER: Progress: 100%[0m
[0;32mI (14876) FLASHER: Segment written 3072 / 3072 bytes OK[0m
[0;32mI (14891) FLASHER: MD5 verified OK for segment![0m
[0;32mI (14891) FLASHER: Segment at 0x00008000 written successfully.[0m
[0;32mI (14892) FLASHER: ==== Writing segment ====[0m
[0;32mI (14897) FLASHER: File: /HELLO.bin | Offset: 0x00010000[0m
[0;32mI (14916) FLASHER: Segment size: 170512 bytes[0m
[0;32mI (16413) FLASHER: Progress: 2%[0m
[0;32mI (16553) FLASHER: Progress: 4%[0m
[0;32mI (16690) FLASHER: Progress: 7%[0m
[0;32mI (16828) FLASHER: Progress: 9%[0m
[0;32mI (16966) FLASHER: Progress: 12%[0m
[0;32mI (17104) FLASHER: Progress: 14%[0m
[0;32mI (17242) FLASHER: Progress: 16%[0m
[0;32mI (17380) FLASHER: Progress: 19%[0m
[0;32mI (17518) FLASHER: Progress: 21%[0m
[0;32mI (17657) FLASHER: Progress: 24%[0m
[0;32mI (17796) FLASHER: Progress: 26%[0m
[0;32mI (17936) FLASHER: Progress: 28%[0m
[0;32mI (18077) FLASHER: Progress: 31%[0m
[0;32mI (18217) FLASHER: Progress: 33%[0m
[0;32mI (18357) FLASHER: Progress: 36%[0m
[0;32mI (18496) FLASHER: Progress: 38%[0m
[0;32mI (18636) FLASHER: Progress: 40%[0m
[0;32mI (18776) FLASHER: Progress: 43%[0m
[0;32mI (18915) FLASHER: Progress: 45%[0m
[0;32mI (19054) FLASHER: Progress: 48%[0m
[0;32mI (19194) FLASHER: Progress: 50%[0m
[0;32mI (19334) FLASHER: Progress: 52%[0m
[0;32mI (19472) FLASHER: Progress: 55%[0m
[0;32mI (19612) FLASHER: Progress: 57%[0m
[0;32mI (19752) FLASHER: Progress: 60%[0m
[0;32mI (19893) FLASHER: Progress: 62%[0m
[0;32mI (20032) FLASHER: Progress: 64%[0m
[0;32mI (20172) FLASHER: Progress: 67%[0m
[0;32mI (20314) FLASHER: Progress: 69%[0m
[0;32mI (20453) FLASHER: Progress: 72%[0m
[0;32mI (20594) FLASHER: Progress: 74%[0m
[0;32mI (20735) FLASHER: Progress: 76%[0m
[0;32mI (20876) FLASHER: Progress: 79%[0m
[0;32mI (21016) FLASHER: Progress: 81%[0m
[0;32mI (21157) FLASHER: Progress: 84%[0m
[0;32mI (21298) FLASHER: Progress: 86%[0m
[0;32mI (21437) FLASHER: Progress: 88%[0m
[0;32mI (21577) FLASHER: Progress: 91%[0m
[0;32mI (21717) FLASHER: Progress: 93%[0m
[0;32mI (21855) FLASHER: Progress: 96%[0m
[0;32mI (21995) FLASHER: Progress: 98%[0m
[0;32mI (22129) FLASHER: Progress: 100%[0m
[0;32mI (22130) FLASHER: Segment written 170512 / 170512 bytes OK[0m
[0;32mI (22696) FLASHER: MD5 verified OK for segment![0m
[0;32mI (22696) FLASHER: Segment at 0x00010000 written successfully.[0m
[0;32mI (22797) FLASHER: Resetting target to run app...[0m
[0;32mI (23097) FLASHER: Target restarted in normal mode.[0m
[0;32mI (23097) FLASHER: Full firmware update completed successfully![0m
[0;32mI (23098) SD_CARD: SD Unmounted[0m
[0;32mI (23101) MAIN: Flash hoan tat.[0m
[0;32mI (26634) MAIN: Da chon: Index 1, FW ID: esp32_sensor_v2[0m
[0;32mI (26634) MAIN: Bat dau flash firmware: esp32_sensor_v2[0m
[0;31mE (26648) uart: UART driver already installed[0m
[0;31mE (26648) FLASHER: serial initialization failed.[0m
[0;32mI (26649) MAIN: Flasher da san sang.[0m
[0;32mI (27165) SD_METADATA: Firmware ID esp32_sensor_v2 found: Path=/firmware/sensor_v2.bin, Version=2.0.0[0m
[0;32mI (29447) FLASHER: Connected to target device.[0m
[0;32mI (29452) FLASHER: Baudrate boosted to 460800[0m
[0;32mI (29452) FLASHER: ==== Writing segment ====[0m
[0;32mI (29452) FLASHER: File:  | Offset: 0x00000000[0m
[ 29457][E][vfs_api.cpp:23] open(): File system is not mounted
[0;31mE (29473) FLASHER: Failed to open file: [0m
[0;32mI (29474) MAIN: Flash hoan tat.[0m
[0;32mI (38350) MAIN: Da chon: Index 1, FW ID: esp32_sensor_v2[0m
[0;32mI (38350) MAIN: Bat dau flash firmware: esp32_sensor_v2[0m
[0;31mE (38364) uart: UART driver already installed[0m
[0;31mE (38364) FLASHER: serial initialization failed.[0m
[0;32mI (38365) MAIN: Flasher da san sang.[0m
[0;32mI (38881) SD_METADATA: Firmware ID esp32_sensor_v2 found: Path=/firmware/sensor_v2.bin, Version=2.0.0[0m
[0;32mI (41163) FLASHER: Connected to target device.[0m
[0;32mI (41168) FLASHER: Baudrate boosted to 460800[0m
[0;32mI (41168) FLASHER: ==== Writing segment ====[0m
[0;32mI (41168) FLASHER: File:  | Offset: 0x00000000[0m
[ 41173][E][vfs_api.cpp:23] open(): File system is not mounted
[0;31mE (41189) FLASHER: Failed to open file: [0m
[0;32mI (41189) MAIN: Flash hoan tat.[0m
