[0;32mI (104) esp_image: segment 1: paddr=0001f520 vaddr=3fc8dcESP-ROM:esp32c3-api1-20210207
Build:Feb  7 2021
rst:0x15 (USB_UART_CHIP_RESET),boot:0xf (SPI_FAST_FLASH_BOOT)
Saved PC:0x40383aec
SPIWP:0xee
mode:DIO, clock div:1
load:0x3fcd5820,len:0x170c
load:0x403cc710,len:0x968
load:0x403ce710,len:0x2fa8
entry 0x403cc710
[0;32mI (24) boot: ESP-IDF v5.1.6-dirty 2nd stage bootloader[0m
[0;32mI (24) boot: compile time Oct 16 2025 01:02:32[0m
[0;32mI (25) boot: chip revision: v0.4[0m
[0;32mI (28) boot.esp32c3: SPI Speed      : 80MHz[0m
[0;32mI (33) boot.esp32c3: SPI Mode       : DIO[0m
[0;32mI (37) boot.esp32c3: SPI Flash Size : 2MB[0m
[0;32mI (42) boot: Enabling RNG early entropy source...[0m
[0;32mI (47) boot: Partition Table:[0m
[0;32mI (51) boot: ## Label            Usage          Type ST Offset   Length[0m
[0;32mI (58) boot:  0 nvs              WiFi data        01 02 00009000 00006000[0m
[0;32mI (66) boot:  1 phy_init         RF data          01 01 0000f000 00001000[0m
[0;32mI (73) boot:  2 factory          factory app      00 00 00010000 00100000[0m
[0;32mI (81) boot: End of partition table[0m
[0;32mI (85) esp_image: segment 0: paddr=00010020 vaddr=3c040020 size=0f4f8h ( 62712) map[0m
[0;32mI (104) esp_image: segment 1: paddr=0001f520 vaddr=3fc8dc00 size=00af8h (  2808) load[0m
[0;32mI (105) esp_image: segment 2: paddr=00020020 vaddr=42000020 size=39864h (235620) map[0m
[0;32mI (148) esp_image: segment 3: paddr=0005988c vaddr=3fc8e6f8 size=00900h (  2304) load[0m
[0;32mI (149) esp_image: segment 4: paddr=0005a194 vaddr=40380000 size=0da08h ( 55816) load[0m
[0;32mI (169) boot: Loaded app from partition at offset 0x10000[0m
[0;32mI (169) boot: Disabling RNG early entropy source...[0m
[0;32mI (180) cpu_start: Unicore app[0m
[0;32mI (181) cpu_start: Pro cpu up.[0m
[0;32mI (191) cpu_start: Pro cpu start user code[0m
[0;32mI (191) cpu_start: cpu freq: 160000000 Hz[0m
[0;32mI (191) cpu_start: Application information:[0m
[0;32mI (194) cpu_start: Project name:     ESP_MultiFlasher[0m
[0;32mI (200) cpu_start: App version:      1[0m
[0;32mI (204) cpu_start: Compile time:     Oct 16 2025 00:52:28[0m
[0;32mI (210) cpu_start: ELF file SHA256:  601682f6ee395bac...[0m
[0;32mI (216) cpu_start: ESP-IDF:          v5.1.6-dirty[0m
[0;32mI (221) cpu_start: Min chip rev:     v0.3[0m
[0;32mI (226) cpu_start: Max chip rev:     v1.99 [0m
[0;32mI (231) cpu_start: Chip rev:         v0.4[0m
[0;32mI (236) heap_init: Initializing. RAM available for dynamic allocation:[0m
[0;32mI (243) heap_init: At 3FC90410 len 0002FBF0 (190 KiB): DRAM[0m
[0;32mI (249) heap_init: At 3FCC0000 len 0001C710 (113 KiB): DRAM/RETENTION[0m
[0;32mI (256) heap_init: At 3FCDC710 len 00002950 (10 KiB): DRAM/RETENTION/STACK[0m
[0;32mI (264) heap_init: At 50000010 len 00001FD8 (7 KiB): RTCRAM[0m
[0;32mI (271) spi_flash: detected chip: generic[0m
[0;32mI (275) spi_flash: flash io: dio[0m
[0;33mW (279) spi_flash: Detected size(4096k) larger than the size in the binary image header(2048k). Using the size in the binary image header.[0m
[0;32mI (292) sleep: Configure to isolate all GPIO pins in sleep state[0m
[0;32mI (299) sleep: Enable automatic switching of GPIO sleep configuration[0m
[0;32mI (306) app_start: Starting scheduler on CPU0[0m
[0;32mI (311) main_task: Started on CPU0[0m
[0;32mI (315) main_task: Calling app_main()[0m
[0;32mI (1323) gpio: GPIO[4]| InputEn: 1| OutputEn: 1| OpenDrain: 0| Pullup: 0| Pulldown: 0| Intr:0 [0m
[0;32mI (1323) gpio: GPIO[5]| InputEn: 1| OutputEn: 0| OpenDrain: 0| Pullup: 0| Pulldown: 0| Intr:0 [0m
[0;32mI (1331) gpio: GPIO[6]| InputEn: 1| OutputEn: 1| OpenDrain: 0| Pullup: 0| Pulldown: 0| Intr:0 [0m
[0;32mI (1340) gpio: GPIO[7]| InputEn: 1| OutputEn: 1| OpenDrain: 0| Pullup: 0| Pulldown: 0| Intr:0 [0m
[0;32mI (1360) SD_CARD: SD initialized OK![0m
[0;33mW (1376) SD_METADATA: Firmware entry without fw_id, skipping[0m
[0;32mI (1377) SD_CARD: T·∫£i Metadata ho√†n t·∫•t. T·ªïng c·ªông 3 firmware ƒë∆∞·ª£c t·∫£i.[0m
[0;32mI (1381) SD_METADATA: Firmware ID esp32_cam_v1 found: Path=/HELLO.bin, Version=1.0.2[0m
[0;32mI (1390) gpio: GPIO[2]| InputEn: 0| OutputEn: 0| OpenDrain: 0| Pullup: 1| Pulldown: 0| Intr:0 [0m
[0;32mI (1398) gpio: GPIO[3]| InputEn: 0| OutputEn: 0| OpenDrain: 0| Pullup: 1| Pulldown: 0| Intr:0 [0m
[0;32mI (1408) FLASHER: UART connection initialized at baud rate 115200[0m
[0;32mI (1414) SD_METADATA: Firmware ID esp32_cam_v1 found: Path=/HELLO.bin, Version=1.0.2[0m
[0;32mI (1432) FLASHER: Firmware file opened: /HELLO.bin, size: 170512 bytes[0m
[0;32mI (3715) FLASHER: Connected to target device.[0m
[0;32mI (3716) FLASHER: B·∫Øt ƒë·∫ßu n·∫°p 170512 bytes v√†o 0x10000...[0m
[0;32mI (5517) FLASHER: Progress: 2%[0m
[0;32mI (5926) FLASHER: Progress: 4%[0m
[0;32mI (6334) FLASHER: Progress: 7%[0m
[0;32mI (6742) FLASHER: Progress: 9%[0m
[0;32mI (7150) FLASHER: Progress: 12%[0m
[0;32mI (7558) FLASHER: Progress: 14%[0m
[0;32mI (7966) FLASHER: Progress: 16%[0m
[0;32mI (8374) FLASHER: Progress: 19%[0m
[0;32mI (8782) FLASHER: Progress: 21%[0m
[0;32mI (9192) FLASHER: Progress: 24%[0m
[0;32mI (9602) FLASHER: Progress: 26%[0m
[0;32mI (10014) FLASHER: Progress: 28%[0m
[0;32mI (10428) FLASHER: Progress: 31%[0m
[0;32mI (10840) FLASHER: Progress: 33%[0m
[0;32mI (11251) FLASHER: Progress: 36%[0m
[0;32mI (11663) FLASHER: Progress: 38%[0m
[0;32mI (12073) FLASHER: Progress: 40%[0m
[0;32mI (12484) FLASHER: Progress: 43%[0m
[0;32mI (12894) FLASHER: Progress: 45%[0m
[0;32mI (13304) FLASHER: Progress: 48%[0m
[0;32mI (13715) FLASHER: Progress: 50%[0m
[0;32mI (14126) FLASHER: Progress: 52%[0m
[0;32mI (14536) FLASHER: Progress: 55%[0m
[0;32mI (14946) FLASHER: Progress: 57%[0m
[0;32mI (15359) FLASHER: Progress: 60%[0m
[0;32mI (15772) FLASHER: Progress: 62%[0m
[0;32mI (16183) FLASHER: Progress: 64%[0m
[0;32mI (16596) FLASHER: Progress: 67%[0m
[0;32mI (17010) FLASHER: Progress: 69%[0m
[0;32mI (17421) FLASHER: Progress: 72%[0m
[0;32mI (17834) FLASHER: Progress: 74%[0m
[0;32mI (18249) FLASHER: Progress: 76%[0m
[0;32mI (18660) FLASHER: Progress: 79%[0m
[0;32mI (19072) FLASHER: Progress: 81%[0m
[0;32mI (19485) FLASHER: Progress: 84%[0m
[0;32mI (19898) FLASHER: Progress: 86%[0m
[0;32mI (20309) FLASHER: Progress: 88%[0m
[0;32mI (20720) FLASHER: Progress: 91%[0m
[0;32mI (21132) FLASHER: Progress: 93%[0m
[0;32mI (21541) FLASHER: Progress: 96%[0m
[0;32mI (21952) FLASHER: Progress: 98%[0m
[0;32mI (22357) FLASHER: Progress: 100%[0m
[0;32mI (22357) FLASHER: Written 170512 / 170512 bytes, finalizing...[0m
[0;32mI (22358) FLASHER: Verifying MD5: fc21d12c8ee87448e818b395eff3b98f[0m
DEBUG: Error: MD5 checksum does not match
DEBUG: Expected:
DEBUG: ÔøΩ!ÔøΩ,ÔøΩÔøΩtHÔøΩÔøΩÔøΩÔøΩÔøΩÔøΩÔøΩ
DEBUG: Actual:
DEBUG: fc21d12c8ee87448e818b395eff3b98f
[0;31mE (22940) FLASHER: MD5 Verification FAILED! D·ªØ li·ªáu tr√™n target KH√ÅC file g·ªëc![0m
